时间 1.74753999710083
内存 10.015625
频繁 533
候选 1523
时间 1.615171194076538
内存 2.33203125
频繁 529
候选 1509
时间 1.604391098022461
内存 0.8515625
频繁 527
候选 1518
时间 1.6043500900268555
内存 1.0625
频繁 520
候选 1508
时间 1.6167128086090088
内存 0.55859375
频繁 527
候选 1527
时间 1.6185808181762695
内存 0.359375
频繁 526
候选 1524
时间 1.625413179397583
内存 0.171875
频繁 538
候选 1527
时间 1.699357032775879
内存 0.49609375
频繁 534
候选 1523
时间 1.632789134979248
内存 0.2734375
频繁 532
候选 1516
时间 1.6383459568023682
内存 1.2421875
频繁 527
候选 1507
时间 1.637821912765503
内存 0.41796875
频繁 521
候选 1506
时间 1.6293449401855469
内存 0.14453125
频繁 529
候选 1536
时间 1.6195950508117676
内存 0.02734375
频繁 516
候选 1507
时间 1.610642910003662
内存 0.19140625
频繁 512
候选 1502
时间 1.6276090145111084
内存 0.03125
频繁 526
候选 1506
时间 1.6265051364898682
内存 0.0078125
频繁 525
候选 1515
时间 1.6205530166625977
内存 0.0
频繁 525
候选 1519
时间 1.6437098979949951
内存 0.0
频繁 530
候选 1532
时间 1.6551380157470703
内存 0.0
频繁 532
候选 1523
时间 1.6589961051940918
内存 0.0
频繁 529
候选 1500
时间 1.6256523132324219
内存 0.0
频繁 519
候选 1497
时间 1.6313960552215576
内存 0.60546875
频繁 523
候选 1488
时间 1.6282730102539062
内存 0.0
频繁 516
候选 1504
时间 1.6283671855926514
内存 0.06640625
频繁 515
候选 1480
时间 1.6302862167358398
内存 0.0
频繁 520
候选 1505
时间 1.6339750289916992
内存 0.0
频繁 516
候选 1493
时间 1.639589786529541
内存 0.29296875
频繁 519
候选 1504
时间 1.6443860530853271
内存 0.0
频繁 525
候选 1518
时间 1.6564500331878662
内存 0.0
频繁 528
候选 1517
时间 1.6581170558929443
内存 0.0
频繁 521
候选 1499
时间 1.651869773864746
内存 0.09765625
频繁 519
候选 1492
时间 1.6462137699127197
内存 0.0234375
频繁 518
候选 1501
时间 1.6564397811889648
内存 0.0
频繁 516
候选 1492
时间 1.6605138778686523
内存 0.0
频繁 530
候选 1524
时间 1.6675059795379639
内存 0.0
频繁 529
候选 1514
时间 1.66208815574646
内存 0.0
频繁 530
候选 1516
时间 1.6526892185211182
内存 0.0
频繁 531
候选 1511
时间 1.6638360023498535
内存 0.00390625
频繁 535
候选 1508
时间 1.6589710712432861
内存 0.0
频繁 535
候选 1524
时间 1.659749984741211
内存 0.1640625
频繁 536
候选 1527
时间 1.6508581638336182
内存 0.0
频繁 533
候选 1508
时间 1.6626720428466797
内存 0.0
频繁 521
候选 1494
时间 1.6915240287780762
内存 0.0859375
频繁 530
候选 1515
时间 1.659045934677124
内存 0.0
频繁 525
候选 1516
时间 1.6360039710998535
内存 0.0
频繁 516
候选 1499
时间 1.6539256572723389
内存 0.0
频繁 521
候选 1506
时间 1.6368560791015625
内存 0.1015625
频繁 515
候选 1510
时间 1.6380081176757812
内存 0.0
频繁 514
候选 1517
时间 1.6339597702026367
内存 0.0
频繁 509
候选 1497
时间 1.6330480575561523
内存 0.0
频繁 516
候选 1504
时间 1.6326138973236084
内存 0.0
频繁 513
候选 1508
时间 1.6292719841003418
内存 0.0
频繁 509
候选 1507
时间 1.6261370182037354
内存 0.04296875
频繁 512
候选 1500
时间 1.6290600299835205
内存 0.0
频繁 507
候选 1485
时间 1.6517448425292969
内存 0.0
频繁 522
候选 1498
时间 1.652472972869873
内存 0.0
频繁 519
候选 1501
时间 1.642697811126709
内存 0.14453125
频繁 518
候选 1487
时间 1.6288907527923584
内存 0.0
频繁 513
候选 1490
时间 1.6495440006256104
内存 0.0
频繁 521
候选 1497
时间 1.637153148651123
内存 0.046875
频繁 520
候选 1499
时间 1.6329200267791748
内存 0.01953125
频繁 518
候选 1496
时间 1.635704755783081
内存 0.0
频繁 513
候选 1489
时间 1.620189905166626
内存 0.0
频繁 507
候选 1490
时间 1.6241810321807861
内存 0.0
频繁 511
候选 1488
时间 1.6271061897277832
内存 0.0
频繁 511
候选 1503
时间 1.6242177486419678
内存 0.12890625
频繁 511
候选 1477
时间 1.633681297302246
内存 0.0
频繁 517
候选 1491
时间 1.6412270069122314
内存 0.0
频繁 522
候选 1499
时间 1.618095874786377
内存 0.0
频繁 507
候选 1486
时间 1.6299231052398682
内存 0.0
频繁 507
候选 1487
时间 1.6239871978759766
内存 0.0
频繁 508
候选 1485
时间 1.6301958560943604
内存 0.0
频繁 501
候选 1485
时间 1.615279197692871
内存 0.0
频繁 501
候选 1489
时间 1.6288020610809326
内存 0.01171875
频繁 508
候选 1505
时间 1.6196269989013672
内存 0.0
频繁 494
候选 1479
时间 1.615990161895752
内存 0.0
频繁 500
候选 1491
时间 1.6328718662261963
内存 0.0
频繁 510
候选 1506
时间 1.6350479125976562
内存 0.0
频繁 512
候选 1501
时间 1.6352152824401855
内存 0.0
频繁 517
候选 1501
时间 1.6577186584472656
内存 0.0
频繁 522
候选 1516
时间 1.6561400890350342
内存 0.0
频繁 522
候选 1512
时间 1.6647770404815674
内存 0.0
频繁 521
候选 1502
时间 1.6502211093902588
内存 0.0
频繁 526
候选 1512
时间 1.6575419902801514
内存 0.015625
频繁 525
候选 1506
时间 1.6411840915679932
内存 0.0
频繁 523
候选 1498
时间 1.648838996887207
内存 0.0
频繁 527
候选 1519
时间 1.6769871711730957
内存 0.015625
频繁 524
候选 1505
时间 1.6572909355163574
内存 0.0
频繁 523
候选 1511
时间 1.6456530094146729
内存 0.0
频繁 518
候选 1507
时间 1.6540071964263916
内存 0.0
频繁 514
候选 1502
时间 1.6396548748016357
内存 0.15234375
频繁 512
候选 1490
时间 1.6566920280456543
内存 0.0
频繁 515
候选 1505
时间 1.654897928237915
内存 0.0
频繁 513
候选 1502
时间 1.681081771850586
内存 0.0390625
频繁 526
候选 1514
时间 1.659804105758667
内存 0.0
频繁 519
候选 1518
时间 1.6621019840240479
内存 0.0
频繁 524
候选 1513
时间 1.6508102416992188
内存 0.0
频繁 526
候选 1510
时间 1.660358190536499
内存 0.0
频繁 519
候选 1504
时间 1.6518709659576416
内存 0.0
频繁 513
候选 1499
时间 1.6551430225372314
内存 0.0
频繁 509
候选 1495
时间 1.6474192142486572
内存 0.0
频繁 516
候选 1506
时间 1.7120938301086426
内存 0.5078125
频繁 525
候选 1517
时间 1.6660208702087402
内存 0.0
频繁 524
候选 1516
时间 1.6507740020751953
内存 0.0
频繁 511
候选 1497
时间 1.6360759735107422
内存 0.0
频繁 513
候选 1483
时间 1.6727509498596191
内存 0.0
频繁 526
候选 1501
时间 1.646454095840454
内存 0.0
频繁 515
候选 1499
时间 1.660275936126709
内存 0.0
频繁 514
候选 1509
时间 1.6441810131072998
内存 0.0
频繁 512
候选 1486
时间 1.656479835510254
内存 0.0
频繁 524
候选 1509
时间 1.6509711742401123
内存 0.0
频繁 522
候选 1505
时间 1.6584811210632324
内存 0.0
频繁 519
候选 1509
时间 1.638942003250122
内存 0.00390625
频繁 510
候选 1495
时间 1.6644041538238525
内存 0.0
频繁 512
候选 1504
时间 1.64931321144104
内存 0.0
频繁 517
候选 1493
时间 1.6559438705444336
内存 0.0
频繁 520
候选 1493
时间 1.6453969478607178
内存 0.0
频繁 527
候选 1506
时间 1.663538932800293
内存 0.0
频繁 524
候选 1485
时间 1.6478240489959717
内存 0.0
频繁 521
候选 1488
{"algorithm": "EFO-Miner", "dataset": "OPS-data-main9/06_power_blond250/06_power_blond250_256MiB.f64", "data_length": 900000, "window": 70000, "step": 7000, "minsup": 80, "windows": 119, "elapsed_seconds": 195.74196299699997, "elapsed_wall_seconds": 195.910705583, "window_time_min": 1.6043746669999992, "window_time_max": 1.748029083, "window_time_mean": 1.644890445352941, "frequent_patterns_total": 61821, "frequent_patterns_mean": 519.5042016806723, "candidate_patterns_total": 178969, "candidate_patterns_mean": 1503.9411764705883, "peak_rss_mib": 57.8984375}
